n=4 (full, 4 pairs, 0.0s): worst min_c len_R - B = {'a': 3, 'b': 1, 'min_len_R_minus_B': 0}; worst red = {'a': 3, 'b': 1, 'min_red_R_minus_B': 0, 'min_len_R_minus_B': 0}; worst red - d = {'a': 3, 'b': 0, 'd': 5, 'min_red_R': 5, 'loss': 0}; min B - d = {'a': 3, 'b': 1, 'd': 6, 'B_minus_d': 0}
n=5 (full, 15 pairs, 0.0s): worst min_c len_R - B = {'a': 4, 'b': 1, 'min_len_R_minus_B': 0}; worst red = {'a': 4, 'b': 1, 'min_red_R_minus_B': 0, 'min_len_R_minus_B': 0}; worst red - d = {'a': 2, 'b': 1, 'd': 6, 'min_red_R': 7, 'loss': 1}; min B - d = {'a': 4, 'b': 1, 'd': 10, 'B_minus_d': 0}
n=6 (full, 6 pairs, 0.0s): worst min_c len_R - B = {'a': 5, 'b': 2, 'min_len_R_minus_B': 1}; worst red = {'a': 5, 'b': 1, 'min_red_R_minus_B': 0, 'min_len_R_minus_B': 0}; worst red - d = {'a': 5, 'b': 3, 'd': 13, 'min_red_R': 15, 'loss': 2}; min B - d = {'a': 5, 'b': 1, 'd': 15, 'B_minus_d': 0}
n=7 (full, 35 pairs, 0.0s): worst min_c len_R - B = {'a': 6, 'b': 1, 'min_len_R_minus_B': 0}; worst red = {'a': 6, 'b': 1, 'min_red_R_minus_B': 0, 'min_len_R_minus_B': 0}; worst red - d = {'a': 2, 'b': 1, 'd': 14, 'min_red_R': 17, 'loss': 3}; min B - d = {'a': 6, 'b': 1, 'd': 21, 'B_minus_d': 0}
n=8 (full, 24 pairs, 0.0s): worst min_c len_R - B = {'a': 7, 'b': 1, 'min_len_R_minus_B': 0}; worst red = {'a': 7, 'b': 1, 'min_red_R_minus_B': 0, 'min_len_R_minus_B': 0}; worst red - d = {'a': 3, 'b': 5, 'd': 20, 'min_red_R': 22, 'loss': 2}; min B - d = {'a': 7, 'b': 1, 'd': 28, 'B_minus_d': 0}
n=9 (full, 45 pairs, 0.0s): worst min_c len_R - B = {'a': 8, 'b': 1, 'min_len_R_minus_B': 0}; worst red = {'a': 8, 'b': 1, 'min_red_R_minus_B': 0, 'min_len_R_minus_B': 0}; worst red - d = {'a': 2, 'b': 0, 'd': 26, 'min_red_R': 32, 'loss': 6}; min B - d = {'a': 8, 'b': 1, 'd': 36, 'B_minus_d': 0}
n=10 (full, 30 pairs, 0.0s): worst min_c len_R - B = {'a': 3, 'b': 4, 'min_len_R_minus_B': 1}; worst red = {'a': 9, 'b': 1, 'min_red_R_minus_B': 0, 'min_len_R_minus_B': 0}; worst red - d = {'a': 7, 'b': 2, 'd': 34, 'min_red_R': 44, 'loss': 10}; min B - d = {'a': 9, 'b': 1, 'd': 45, 'B_minus_d': 0}
n=11 (full, 99 pairs, 0.1s): worst min_c len_R - B = {'a': 10, 'b': 1, 'min_len_R_minus_B': 0}; worst red = {'a': 10, 'b': 1, 'min_red_R_minus_B': 0, 'min_len_R_minus_B': 0}; worst red - d = None; min B - d = None
n=12 (full, 36 pairs, 0.0s): worst min_c len_R - B = {'a': 11, 'b': 1, 'min_len_R_minus_B': 0}; worst red = {'a': 11, 'b': 1, 'min_red_R_minus_B': 0, 'min_len_R_minus_B': 0}; worst red - d = None; min B - d = None
n=13 (full, 143 pairs, 0.2s): worst min_c len_R - B = {'a': 12, 'b': 1, 'min_len_R_minus_B': 0}; worst red = {'a': 12, 'b': 1, 'min_red_R_minus_B': 0, 'min_len_R_minus_B': 0}; worst red - d = None; min B - d = None
n=14 (full, 70 pairs, 0.1s): worst min_c len_R - B = {'a': 3, 'b': 0, 'min_len_R_minus_B': 1}; worst red = {'a': 3, 'b': 11, 'min_red_R_minus_B': 0, 'min_len_R_minus_B': 0}; worst red - d = None; min B - d = None
n=15 (full, 105 pairs, 0.3s): worst min_c len_R - B = {'a': 14, 'b': 1, 'min_len_R_minus_B': 0}; worst red = {'a': 14, 'b': 1, 'min_red_R_minus_B': 0, 'min_len_R_minus_B': 0}; worst red - d = None; min B - d = None
n=16 (full, 112 pairs, 0.3s): worst min_c len_R - B = {'a': 15, 'b': 1, 'min_len_R_minus_B': 0}; worst red = {'a': 15, 'b': 1, 'min_red_R_minus_B': 0, 'min_len_R_minus_B': 0}; worst red - d = None; min B - d = None
n=17 (full, 255 pairs, 0.7s): worst min_c len_R - B = {'a': 4, 'b': 1, 'min_len_R_minus_B': 1}; worst red = {'a': 4, 'b': 10, 'min_red_R_minus_B': 1, 'min_len_R_minus_B': 1}; worst red - d = None; min B - d = None
n=18 (full, 90 pairs, 0.3s): worst min_c len_R - B = {'a': 5, 'b': 16, 'min_len_R_minus_B': 3}; worst red = {'a': 11, 'b': 2, 'min_red_R_minus_B': 1, 'min_len_R_minus_B': 1}; worst red - d = None; min B - d = None
n=19 (full, 323 pairs, 1.3s): worst min_c len_R - B = {'a': 7, 'b': 3, 'min_len_R_minus_B': 0}; worst red = {'a': 18, 'b': 1, 'min_red_R_minus_B': 0, 'min_len_R_minus_B': 0}; worst red - d = None; min B - d = None
n=20 (full, 140 pairs, 0.7s): worst min_c len_R - B = {'a': 19, 'b': 1, 'min_len_R_minus_B': 0}; worst red = {'a': 19, 'b': 1, 'min_red_R_minus_B': 0, 'min_len_R_minus_B': 0}; worst red - d = None; min B - d = None
n=21 (full, 231 pairs, 1.3s): worst min_c len_R - B = {'a': 4, 'b': 18, 'min_len_R_minus_B': 0}; worst red = {'a': 20, 'b': 1, 'min_red_R_minus_B': 0, 'min_len_R_minus_B': 0}; worst red - d = None; min B - d = None
n=22 (full, 198 pairs, 1.2s): worst min_c len_R - B = {'a': 21, 'b': 2, 'min_len_R_minus_B': 1}; worst red = {'a': 21, 'b': 1, 'min_red_R_minus_B': 0, 'min_len_R_minus_B': 0}; worst red - d = None; min B - d = None
n=23 (full, 483 pairs, 3.2s): worst min_c len_R - B = {'a': 22, 'b': 1, 'min_len_R_minus_B': 0}; worst red = {'a': 22, 'b': 1, 'min_red_R_minus_B': 0, 'min_len_R_minus_B': 0}; worst red - d = None; min B - d = None
n=24 (full, 168 pairs, 1.4s): worst min_c len_R - B = {'a': 23, 'b': 1, 'min_len_R_minus_B': 0}; worst red = {'a': 23, 'b': 1, 'min_red_R_minus_B': 0, 'min_len_R_minus_B': 0}; worst red - d = None; min B - d = None
n=25 (full, 475 pairs, 4.5s): worst min_c len_R - B = {'a': 7, 'b': 4, 'min_len_R_minus_B': 1}; worst red = {'a': 24, 'b': 1, 'min_red_R_minus_B': 0, 'min_len_R_minus_B': 0}; worst red - d = None; min B - d = None
n=26 (full, 286 pairs, 3.1s): worst min_c len_R - B = {'a': 5, 'b': 6, 'min_len_R_minus_B': 3}; worst red = {'a': 21, 'b': 3, 'min_red_R_minus_B': 2, 'min_len_R_minus_B': 2}; worst red - d = None; min B - d = None
n=27 (full, 459 pairs, 5.4s): worst min_c len_R - B = {'a': 8, 'b': 3, 'min_len_R_minus_B': 4}; worst red = {'a': 8, 'b': 3, 'min_red_R_minus_B': 2, 'min_len_R_minus_B': 4}; worst red - d = None; min B - d = None
n=28 (full, 308 pairs, 4.0s): worst min_c len_R - B = {'a': 11, 'b': 20, 'min_len_R_minus_B': 5}; worst red = {'a': 11, 'b': 22, 'min_red_R_minus_B': 3, 'min_len_R_minus_B': 3}; worst red - d = None; min B - d = None
n=29 (full, 783 pairs, 11.4s): worst min_c len_R - B = {'a': 12, 'b': 0, 'min_len_R_minus_B': 0}; worst red = {'a': 28, 'b': 1, 'min_red_R_minus_B': 0, 'min_len_R_minus_B': 0}; worst red - d = None; min B - d = None
n=30 (full, 210 pairs, 3.2s): worst min_c len_R - B = {'a': 29, 'b': 2, 'min_len_R_minus_B': 1}; worst red = {'a': 29, 'b': 1, 'min_red_R_minus_B': 0, 'min_len_R_minus_B': 0}; worst red - d = None; min B - d = None
n=31 (full, 899 pairs, 15.9s): worst min_c len_R - B = {'a': 5, 'b': 2, 'min_len_R_minus_B': 2}; worst red = {'a': 4, 'b': 22, 'min_red_R_minus_B': 0, 'min_len_R_minus_B': 0}; worst red - d = None; min B - d = None
n=32 (full, 480 pairs, 8.6s): worst min_c len_R - B = {'a': 31, 'b': 1, 'min_len_R_minus_B': 0}; worst red = {'a': 31, 'b': 1, 'min_red_R_minus_B': 0, 'min_len_R_minus_B': 0}; worst red - d = None; min B - d = None
n=33 (full, 627 pairs, 13.7s): worst min_c len_R - B = {'a': 32, 'b': 1, 'min_len_R_minus_B': 0}; worst red = {'a': 32, 'b': 1, 'min_red_R_minus_B': 0, 'min_len_R_minus_B': 0}; worst red - d = None; min B - d = None
n=34 (full, 510 pairs, 11.5s): worst min_c len_R - B = {'a': 13, 'b': 27, 'min_len_R_minus_B': 4}; worst red = {'a': 13, 'b': 29, 'min_red_R_minus_B': 4, 'min_len_R_minus_B': 4}; worst red - d = None; min B - d = None
n=35 (full, 805 pairs, 21.0s): worst min_c len_R - B = {'a': 19, 'b': 2, 'min_len_R_minus_B': 2}; worst red = {'a': 19, 'b': 2, 'min_red_R_minus_B': 2, 'min_len_R_minus_B': 2}; worst red - d = None; min B - d = None
n=36 (full, 396 pairs, 10.4s): worst min_c len_R - B = {'a': 11, 'b': 27, 'min_len_R_minus_B': 8}; worst red = {'a': 11, 'b': 3, 'min_red_R_minus_B': 4, 'min_len_R_minus_B': 6}; worst red - d = None; min B - d = None
n=37 (full, 1295 pairs, 40.6s): worst min_c len_R - B = {'a': 6, 'b': 8, 'min_len_R_minus_B': 5}; worst red = {'a': 6, 'b': 14, 'min_red_R_minus_B': 4, 'min_len_R_minus_B': 4}; worst red - d = None; min B - d = None
n=38 (full, 646 pairs, 23.7s): worst min_c len_R - B = {'a': 27, 'b': 28, 'min_len_R_minus_B': 1}; worst red = {'a': 27, 'b': 28, 'min_red_R_minus_B': 1, 'min_len_R_minus_B': 1}; worst red - d = None; min B - d = None
n=39 (full, 897 pairs, 33.6s): worst min_c len_R - B = {'a': 35, 'b': 29, 'min_len_R_minus_B': 3}; worst red = {'a': 35, 'b': 26, 'min_red_R_minus_B': 1, 'min_len_R_minus_B': 2}; worst red - d = None; min B - d = None
n=40 (full, 600 pairs, 25.5s): worst min_c len_R - B = {'a': 39, 'b': 1, 'min_len_R_minus_B': 0}; worst red = {'a': 39, 'b': 1, 'min_red_R_minus_B': 0, 'min_len_R_minus_B': 0}; worst red - d = None; min B - d = None
n=41 (best, 1599 pairs, 4.8s): worst min_c len_R - B = {'a': 9, 'b': 1, 'min_len_R_minus_B': 3, 'min_red_R_minus_B': 1}; worst red = None; worst red - d = None; min B - d = None
n=42 (best, 462 pairs, 1.8s): worst min_c len_R - B = {'a': 5, 'b': 34, 'min_len_R_minus_B': 3, 'min_red_R_minus_B': -1}; worst red = None; worst red - d = None; min B - d = None
n=43 (best, 1763 pairs, 4.9s): worst min_c len_R - B = {'a': 6, 'b': 2, 'min_len_R_minus_B': 4, 'min_red_R_minus_B': 0}; worst red = None; worst red - d = None; min B - d = None
n=44 (best, 836 pairs, 3.0s): worst min_c len_R - B = {'a': 27, 'b': 25, 'min_len_R_minus_B': 2, 'min_red_R_minus_B': 2}; worst red = None; worst red - d = None; min B - d = None
n=45 (best, 1035 pairs, 4.8s): worst min_c len_R - B = {'a': 14, 'b': 4, 'min_len_R_minus_B': 9, 'min_red_R_minus_B': 7}; worst red = None; worst red - d = None; min B - d = None
n=46 (best, 966 pairs, 4.0s): worst min_c len_R - B = {'a': 45, 'b': 2, 'min_len_R_minus_B': 1, 'min_red_R_minus_B': -1}; worst red = None; worst red - d = None; min B - d = None
n=47 (best, 2115 pairs, 7.7s): worst min_c len_R - B = {'a': 46, 'b': 1, 'min_len_R_minus_B': 0, 'min_red_R_minus_B': 0}; worst red = None; worst red - d = None; min B - d = None
n=48 (best, 720 pairs, 4.0s): worst min_c len_R - B = {'a': 47, 'b': 1, 'min_len_R_minus_B': 0, 'min_red_R_minus_B': 0}; worst red = None; worst red - d = None; min B - d = None
n=49 (best, 2009 pairs, 9.0s): worst min_c len_R - B = {'a': 18, 'b': 1, 'min_len_R_minus_B': 4, 'min_red_R_minus_B': -2}; worst red = None; worst red - d = None; min B - d = None
n=50 (best, 950 pairs, 4.6s): worst min_c len_R - B = {'a': 33, 'b': 3, 'min_len_R_minus_B': 8, 'min_red_R_minus_B': 8}; worst red = None; worst red - d = None; min B - d = None
n=51 (best, 1581 pairs, 8.4s): worst min_c len_R - B = {'a': 38, 'b': 20, 'min_len_R_minus_B': 0, 'min_red_R_minus_B': -2}; worst red = None; worst red - d = None; min B - d = None
n=52 (best, 1196 pairs, 8.1s): worst min_c len_R - B = {'a': 23, 'b': 8, 'min_len_R_minus_B': 3, 'min_red_R_minus_B': -1}; worst red = None; worst red - d = None; min B - d = None
n=53 (best, 2703 pairs, 12.9s): worst min_c len_R - B = {'a': 23, 'b': 4, 'min_len_R_minus_B': 6, 'min_red_R_minus_B': 5}; worst red = None; worst red - d = None; min B - d = None
n=54 (best, 918 pairs, 5.4s): worst min_c len_R - B = {'a': 17, 'b': 5, 'min_len_R_minus_B': 12, 'min_red_R_minus_B': 6}; worst red = None; worst red - d = None; min B - d = None
n=55 (best, 2145 pairs, 14.4s): worst min_c len_R - B = {'a': 32, 'b': 35, 'min_len_R_minus_B': 6, 'min_red_R_minus_B': 3}; worst red = None; worst red - d = None; min B - d = None
n=56 (best, 1288 pairs, 9.1s): worst min_c len_R - B = {'a': 31, 'b': 36, 'min_len_R_minus_B': 9, 'min_red_R_minus_B': 7}; worst red = None; worst red - d = None; min B - d = None
n=57 (best, 1995 pairs, 12.2s): worst min_c len_R - B = {'a': 7, 'b': 3, 'min_len_R_minus_B': 5, 'min_red_R_minus_B': -7}; worst red = None; worst red - d = None; min B - d = None
n=58 (best, 1566 pairs, 10.2s): worst min_c len_R - B = {'a': 41, 'b': 10, 'min_len_R_minus_B': 9, 'min_red_R_minus_B': 5}; worst red = None; worst red - d = None; min B - d = None
n=59 (best, 3363 pairs, 16.5s): worst min_c len_R - B = {'a': 58, 'b': 1, 'min_len_R_minus_B': 0, 'min_red_R_minus_B': 0}; worst red = None; worst red - d = None; min B - d = None
n=60 (best, 900 pairs, 8.2s): worst min_c len_R - B = {'a': 23, 'b': 3, 'min_len_R_minus_B': 6, 'min_red_R_minus_B': 0}; worst red = None; worst red - d = None; min B - d = None
DONE 401.7 s; 441 counterexamples saved
