=== Fact 1: per-pair quadrant identity ===
{'checked_pairs': 1246944, 'failures': 0}
=== Fact 2: telescoping recursion ===
{'checked_steps': 362878, 'failures': 0}
=== Fact 3: b=0-only restricted family (no value shift) ===
4 {'target': 2, 'worst_min_a_J': 2, 'worst_pi': (0, 3, 1, 2), 'sufficient': True}
5 {'target': 4, 'worst_min_a_J': 4, 'worst_pi': (0, 4, 1, 3, 2), 'sufficient': True}
6 {'target': 6, 'worst_min_a_J': 6, 'worst_pi': (0, 4, 3, 2, 1, 5), 'sufficient': True}
7 {'target': 9, 'worst_min_a_J': 10, 'worst_pi': (0, 5, 4, 3, 2, 1, 6), 'sufficient': False}
8 {'target': 12, 'worst_min_a_J': 13, 'worst_pi': (0, 6, 5, 3, 4, 2, 1, 7), 'sufficient': False}
=== Fact 4: reflections, b=0-only family hits the target exactly ===
4 {'target': 2, 'brute': 2, 'closed_form': 2, 'matches_target': True}
5 {'target': 4, 'brute': 4, 'closed_form': 4, 'matches_target': True}
6 {'target': 6, 'brute': 6, 'closed_form': 6, 'matches_target': True}
7 {'target': 9, 'brute': 9, 'closed_form': 9, 'matches_target': True}
8 {'target': 12, 'brute': 12, 'closed_form': 12, 'matches_target': True}
9 {'target': 16, 'brute': 16, 'closed_form': 16, 'matches_target': True}
10 {'target': 20, 'brute': 20, 'closed_form': 20, 'matches_target': True}
20 {'target': 90, 'brute': 90, 'closed_form': 90, 'matches_target': True}
50 {'target': 600, 'brute': 600, 'closed_form': 600, 'matches_target': True}
101 {'target': 2500, 'brute': 2500, 'closed_form': 2500, 'matches_target': True}
200 {'target': 9900, 'brute': 9900, 'closed_form': 9900, 'matches_target': True}
ALL ALGEBRAIC FACTS (1,2,4) VERIFIED: True
Fact 3 conclusion: b=0-only family is INSUFFICIENT for H13-I (fails already at n=7,8) -- consistent with docs/notes/h13_line_model.md
