perms n=4: 24 perms x 4 shifts OK; max_pi min_c len = 6 (B_n=6, U_n=9); C22 violations=0; table=True; 0.0s
   loss min_c len - d(pi): {'0': 8, '2': 14, '4': 2}
   loss min_c reduced - d(pi): {'0': 20, '2': 4}
perms n=5: 120 perms x 5 shifts OK; max_pi min_c len = 11 (B_n=10, U_n=13); C22 violations=0; table=True; 0.0s
   loss min_c len - d(pi): {'0': 12, '1': 23, '2': 27, '3': 36, '4': 12, '5': 10}
   loss min_c reduced - d(pi): {'0': 55, '1': 41, '2': 17, '3': 7}
perms n=6: 720 perms x 6 shifts OK; max_pi min_c len = 16 (B_n=15, U_n=20); C22 violations=0; table=True; 0.4s
   loss min_c len - d(pi): {'0': 77, '2': 281, '4': 282, '6': 79, '8': 1}
   loss min_c reduced - d(pi): {'0': 399, '2': 231, '4': 81, '6': 9}
perms n=7: 5040 perms x 7 shifts OK; max_pi min_c len = 23 (B_n=21, U_n=27); C22 violations=0; table=True; 2.9s
   loss min_c len - d(pi): {'0': 129, '1': 278, '2': 618, '3': 876, '4': 934, '5': 1121, '6': 477, '7': 515, '8': 63, '9': 29}
   loss min_c reduced - d(pi): {'0': 1420, '1': 901, '2': 1115, '3': 766, '4': 456, '5': 287, '6': 61, '7': 32, '8': 1, '9': 1}
perms n=8: 40320 perms x 8 shifts OK; max_pi min_c len = 30 (B_n=28, U_n=35); C22 violations=0; table=True; 29.7s
   loss min_c len - d(pi): {'0': 821, '2': 4843, '4': 11364, '6': 13602, '8': 8286, '10': 1378, '12': 26}
   loss min_c reduced - d(pi): {'0': 8499, '2': 13675, '4': 11751, '6': 5432, '8': 934, '10': 29}
report written: data/runs/strict_audit/check_C16_perms.json
PASS

real	0m33.124s
user	0m33.060s
sys	0m0.044s
