n=4 B_n=6 perms=24 max(min_c - B_n)=0 count(min_c >= B_n)=1 time=0.0s
hist(min_c - B_n): -6:1 -5:3 -4:5 -3:6 -2:5 -1:3 0:1
max_pi n*(mean_c - B_n) = 2  (n=4) at pi = 1 0 3 2
n=5 B_n=10 perms=120 max(min_c - B_n)=0 count(min_c >= B_n)=2 time=0.0s
hist(min_c - B_n): -10:1 -9:3 -8:6 -7:8 -6:12 -5:21 -4:30 -3:18 -2:16 -1:3 0:2
max_pi n*(mean_c - B_n) = 0  (n=5) at pi = 1 0 4 3 2
n=6 B_n=15 perms=720 max(min_c - B_n)=1 count(min_c >= B_n)=7 time=0.0s
hist(min_c - B_n): -15:1 -14:3 -13:6 -12:9 -11:14 -10:26 -9:41 -8:58 -7:84 -6:112 -5:118 -4:110 -3:78 -2:36 -1:17 0:6 1:1
max_pi n*(mean_c - B_n) = 6  (n=6) at pi = 1 0 5 4 3 2
n=7 B_n=21 perms=5040 max(min_c - B_n)=0 count(min_c >= B_n)=3 time=0.0s
hist(min_c - B_n): -21:1 -20:3 -19:6 -18:10 -17:16 -16:31 -15:49 -14:78 -13:128 -12:208 -11:312 -10:410 -9:504 -8:557 -7:642 -6:686 -5:621 -4:438 -3:227 -2:93 -1:17 0:3
max_pi n*(mean_c - B_n) = 5  (n=7) at pi = 2 1 0 6 5 4 3
n=8 B_n=28 perms=40320 max(min_c - B_n)=0 count(min_c >= B_n)=11 time=0.1s
hist(min_c - B_n): -28:1 -27:3 -26:6 -25:10 -24:17 -23:33 -22:54 -21:86 -20:144 -19:234 -18:389 -17:626 -16:926 -15:1260 -14:1635 -13:2086 -12:2610 -11:3144 -10:3596 -9:3909 -8:4045 -7:4095 -6:3952 -5:3337 -4:2354 -3:1253 -2:420 -1:84 0:11
max_pi n*(mean_c - B_n) = 12  (n=8) at pi = 2 1 0 7 6 5 4 3
n=9 B_n=36 perms=362880 max(min_c - B_n)=0 count(min_c >= B_n)=10 time=1.3s
hist(min_c - B_n): -36:1 -35:3 -34:6 -33:10 -32:18 -31:35 -30:59 -29:94 -28:166 -27:277 -26:442 -25:740 -24:1243 -23:1959 -22:2869 -21:4031 -20:5513 -19:7407 -18:9780 -17:12423 -16:15354 -15:18312 -14:21604 -13:25157 -12:28463 -11:30289 -10:31636 -9:32262 -8:31330 -7:28579 -6:23655 -5:16644 -4:8682 -3:3114 -2:641 -1:72 0:10
max_pi n*(mean_c - B_n) = 14  (n=9) at pi = 6 1 0 8 7 5 4 3 2
n=10 B_n=45 perms=3628800 max(min_c - B_n)=1 count(min_c >= B_n)=96 time=15.3s
hist(min_c - B_n): -45:1 -44:3 -43:6 -42:10 -41:18 -40:36 -39:61 -38:99 -37:174 -36:299 -35:484 -34:780 -33:1321 -32:2231 -31:3591 -30:5536 -29:8172 -28:11533 -27:16092 -26:22419 -25:30457 -24:39970 -23:51320 -22:65486 -21:82555 -20:102077 -19:123604 -18:146811 -17:170718 -16:194423 -15:217196 -14:236904 -13:253062 -12:265683 -11:271318 -10:267351 -9:253733 -8:230803 -7:197932 -6:156218 -5:107943 -4:59497 -3:23727 -2:6141 -1:909 0:90 1:6
max_pi n*(mean_c - B_n) = 24  (n=10) at pi = 0 3 1 7 9 5 8 6 2 4
n=11 B_n=55 perms=39916800 max(min_c - B_n)=0 count(min_c >= B_n)=21 time=196.9s
hist(min_c - B_n): -55:1 -54:3 -53:6 -52:10 -51:18 -50:37 -49:63 -48:104 -47:182 -46:321 -45:532 -44:867 -43:1434 -42:2405 -41:4023 -40:6646 -39:10612 -38:16184 -37:23629 -36:34015 -35:48855 -34:68922 -33:94803 -32:127727 -31:170154 -30:224643 -29:293544 -28:376962 -27:474544 -26:588944 -25:726082 -24:879717 -23:1045661 -22:1226170 -21:1418476 -20:1612281 -19:1806531 -18:1998143 -17:2176195 -16:2319438 -15:2435438 -14:2515552 -13:2546868 -12:2530487 -11:2456831 -10:2311544 -9:2098841 -8:1819331 -7:1466693 -6:1041414 -5:595187 -4:245069 -3:64132 -2:9768 -1:740 0:21
max_pi n*(mean_c - B_n) = 25  (n=11) at pi = 7 1 0 10 9 8 6 5 4 3 2
n=12 B_n=66 perms=479001600 max(min_c - B_n)=3 count(min_c >= B_n)=1415 time=2796.5s
hist(min_c - B_n): -66:1 -65:3 -64:6 -63:10 -62:18 -61:37 -60:64 -59:106 -58:187 -57:329 -56:554 -55:915 -54:1520 -53:2504 -52:4147 -51:6981 -50:11654 -49:18964 -48:29618 -47:44282 -46:65129 -45:95227 -44:136989 -43:193837 -42:270540 -41:370949 -40:502965 -39:679866 -38:908905 -37:1192034 -36:1542320 -35:1982699 -34:2524593 -33:3165968 -32:3919358 -31:4808965 -30:5829682 -29:6958291 -28:8197832 -27:9569957 -26:11066970 -25:12635363 -24:14252756 -23:15924884 -22:17627760 -21:19325599 -20:20960485 -19:22484610 -18:23844901 -17:24943446 -16:25714958 -15:26186222 -14:26339946 -13:26058528 -12:25269862 -11:23990867 -10:22202495 -9:19858211 -8:16874482 -7:13195365 -6:9056348 -5:5116568 -4:2208831 -3:672617 -2:133589 -1:16516 0:1320 1:78 2:15 3:2
max_pi n*(mean_c - B_n) = 42  (n=12) at pi = 0 7 3 2 11 10 6 1 9 8 5 4
