== line_model-1.0 oracle-1.0 args={'nmin': 4, 'nmax': 8}
n=4: 4 line BFS runs, 0 s
n=4: max d_line = 6 (B_n = 6) at (1, 0, 3, 2); max min-inv = 2 (floor((n-1)^2/4) = 2) at (0, 3, 2, 1); d_line = d on 24/24; hist d_line - d: {0: 24}; 0 s
n=5: 5 line BFS runs, 0 s
n=5: max d_line = 10 (B_n = 10) at (1, 0, 4, 3, 2); max min-inv = 4 (floor((n-1)^2/4) = 4) at (0, 4, 3, 2, 1); d_line = d on 114/120; hist d_line - d: {0: 114, 1: 6}; 0 s
n=6: 6 line BFS runs, 0 s
n=6: max d_line = 15 (B_n = 15) at (1, 0, 5, 4, 3, 2); max min-inv = 6 (floor((n-1)^2/4) = 6) at (0, 5, 4, 3, 2, 1); d_line = d on 698/720; hist d_line - d: {0: 698, 2: 22}; 0 s
n=7: 7 line BFS runs, 2 s
n=7: max d_line = 21 (B_n = 21) at (1, 0, 6, 5, 4, 3, 2); max min-inv = 9 (floor((n-1)^2/4) = 9) at (0, 6, 5, 4, 3, 2, 1); d_line = d on 4389/5040; hist d_line - d: {0: 4389, 1: 524, 2: 95, 3: 32}; 3 s
n=8: 8 line BFS runs, 24 s
== line_model-1.0 oracle-1.0 args={'nmin': 9, 'nmax': 9}
n=8: max d_line = 28 (B_n = 28) at (1, 0, 7, 6, 5, 4, 3, 2); max min-inv = 12 (floor((n-1)^2/4) = 12) at (0, 7, 6, 5, 4, 3, 2, 1); d_line = d on 35725/40320; hist d_line - d: {0: 35725, 2: 4433, 4: 162}; 40 s
n=9: 9 line BFS runs, 295 s
n=9: max d_line = 36 (B_n = 36) at (1, 0, 8, 7, 6, 5, 4, 3, 2); max min-inv = 16 (floor((n-1)^2/4) = 16) at (0, 8, 7, 6, 5, 4, 3, 2, 1); d_line = d on 278458/362880; hist d_line - d: {0: 278458, 1: 62789, 2: 10029, 3: 10494, 4: 834, 5: 272, 6: 4}; 500 s
== line_model-1.1 oracle-1.0 args={'nmin': 4, 'nmax': 7, 'walk': True}
n=4: 4 line BFS runs, 0 s
n=4: 4 walk BFS runs, 0 s
n=4: joint hist (d_line - d_walk, d_walk - d): {'0,0': 24}; max d_walk - d = 0 at None
   I= 0: {'0,0': 4}
   I= 1: {'0,0': 16}
   I= 2: {'0,0': 4}
n=4: max d_line = 6 (B_n = 6) at (1, 0, 3, 2); max min-inv = 2 (floor((n-1)^2/4) = 2) at (0, 3, 2, 1); d_line = d on 24/24; hist d_line - d: {0: 24}; 0 s
n=5: 5 line BFS runs, 0 s
n=5: 5 walk BFS runs, 0 s
n=5: joint hist (d_line - d_walk, d_walk - d): {'0,0': 114, '1,0': 6}; max d_walk - d = 0 at None
   I= 0: {'0,0': 5}
   I= 1: {'0,0': 25}
   I= 2: {'0,0': 46, '1,0': 4}
   I= 3: {'0,0': 33, '1,0': 2}
   I= 4: {'0,0': 5}
n=5: max d_line = 10 (B_n = 10) at (1, 0, 4, 3, 2); max min-inv = 4 (floor((n-1)^2/4) = 4) at (0, 4, 3, 2, 1); d_line = d on 114/120; hist d_line - d: {0: 114, 1: 6}; 0 s
n=6: 6 line BFS runs, 0 s
n=6: 6 walk BFS runs, 0 s
n=6: joint hist (d_line - d_walk, d_walk - d): {'0,0': 698, '2,0': 22}; max d_walk - d = 0 at None
   I= 0: {'0,0': 6}
   I= 1: {'0,0': 36}
   I= 2: {'0,0': 125, '2,0': 1}
   I= 3: {'0,0': 256, '2,0': 8}
   I= 4: {'0,0': 233, '2,0': 13}
   I= 5: {'0,0': 36}
   I= 6: {'0,0': 6}
n=6: max d_line = 15 (B_n = 15) at (1, 0, 5, 4, 3, 2); max min-inv = 6 (floor((n-1)^2/4) = 6) at (0, 5, 4, 3, 2, 1); d_line = d on 698/720; hist d_line - d: {0: 698, 2: 22}; 1 s
n=7: 7 line BFS runs, 2 s
n=7: 7 walk BFS runs, 5 s
n=7: joint hist (d_line - d_walk, d_walk - d): {'0,0': 4389, '1,0': 524, '2,0': 95, '3,0': 32}; max d_walk - d = 0 at None
   I= 0: {'0,0': 7}
   I= 1: {'0,0': 49}
   I= 2: {'0,0': 187, '1,0': 9}
   I= 3: {'0,0': 484, '1,0': 47, '2,0': 4, '3,0': 4}
   I= 4: {'0,0': 912, '1,0': 132, '2,0': 22, '3,0': 12}
   I= 5: {'0,0': 1271, '1,0': 198, '2,0': 36, '3,0': 14}
   I= 6: {'0,0': 1055, '1,0': 106, '2,0': 27, '3,0': 2}
   I= 7: {'0,0': 368, '1,0': 32, '2,0': 6}
   I= 8: {'0,0': 49}
   I= 9: {'0,0': 7}
n=7: max d_line = 21 (B_n = 21) at (1, 0, 6, 5, 4, 3, 2); max min-inv = 9 (floor((n-1)^2/4) = 9) at (0, 6, 5, 4, 3, 2, 1); d_line = d on 4389/5040; hist d_line - d: {0: 4389, 1: 524, 2: 95, 3: 32}; 7 s
== line_model-1.1 oracle-1.0 args={'nmin': 8, 'nmax': 8, 'walk': True}
n=8: 8 line BFS runs, 29 s
n=8: 8 walk BFS runs, 60 s
n=8: joint hist (d_line - d_walk, d_walk - d): {'0,0': 35725, '0,2': 32, '0,4': 2, '2,0': 4401, '2,2': 4, '4,0': 156}; max d_walk - d = 4 at (1, 6, 3, 0, 5, 2, 7, 4)
   I= 0: {'0,0': 8}
   I= 1: {'0,0': 64}
   I= 2: {'0,0': 285, '2,0': 3}
   I= 3: {'0,0': 915, '2,0': 44, '4,0': 1}
   I= 4: {'0,0': 2332, '2,0': 154, '4,0': 26}
   I= 5: {'0,0': 4807, '2,0': 439, '4,0': 66}
   I= 6: {'0,0': 7868, '2,0': 977, '4,0': 51}
   I= 7: {'0,0': 9807, '2,0': 1381, '4,0': 12}
   I= 8: {'0,0': 7079, '0,2': 26, '2,0': 1103}
   I= 9: {'0,0': 2231, '0,2': 4, '2,0': 269}
   I=10: {'0,0': 259, '2,0': 29}
   I=11: {'0,0': 62, '0,2': 2, '0,4': 2, '2,0': 2, '2,2': 4}
   I=12: {'0,0': 8}
n=8: max d_line = 28 (B_n = 28) at (1, 0, 7, 6, 5, 4, 3, 2); max min-inv = 12 (floor((n-1)^2/4) = 12) at (0, 7, 6, 5, 4, 3, 2, 1); d_line = d on 35725/40320; hist d_line - d: {0: 35725, 2: 4433, 4: 162}; 88 s
== line_model-1.1 oracle-1.0 args={'nmin': 9, 'nmax': 9, 'walk': True}
n=9: 9 line BFS runs, 387 s
n=9: 9 walk BFS runs, 811 s
n=9: joint hist (d_line - d_walk, d_walk - d): {'0,0': 278458, '0,1': 1318, '0,2': 1368, '0,3': 704, '0,4': 198, '0,5': 2, '1,0': 61471, '1,1': 349, '1,2': 242, '1,3': 96, '1,4': 18, '1,5': 4, '2,0': 8312, '2,1': 1, '2,2': 6, '3,0': 9547, '4,0': 534, '5,0': 252}; max d_walk - d = 5 at (1, 6, 8, 3, 0, 5, 2, 7, 4)
   I= 0: {'0,0': 9}
   I= 1: {'0,0': 81}
   I= 2: {'0,0': 392, '1,0': 12, '3,0': 1}
   I= 3: {'0,0': 1376, '1,0': 80, '3,0': 29}
   I= 4: {'0,0': 3851, '1,0': 342, '2,0': 28, '3,0': 143, '5,0': 10}
   I= 5: {'0,0': 9011, '1,0': 1125, '2,0': 148, '3,0': 429, '4,0': 6, '5,0': 54}
   I= 6: {'0,0': 18107, '1,0': 2960, '2,0': 472, '3,0': 956, '4,0': 62, '5,0': 96}
   I= 7: {'0,0': 31585, '1,0': 6320, '2,0': 1090, '3,0': 1676, '4,0': 162, '5,0': 72}
   I= 8: {'0,0': 47549, '1,0': 11244, '2,0': 1805, '3,0': 2212, '4,0': 188, '5,0': 20}
   I= 9: {'0,0': 59653, '0,1': 57, '0,2': 32, '1,0': 15588, '2,0': 2097, '3,0': 2073, '4,0': 96}
   I=10: {'0,0': 56625, '0,1': 453, '0,2': 192, '0,3': 8, '0,4': 2, '1,0': 14008, '1,1': 92, '1,2': 48, '2,0': 1626, '2,2': 6, '3,0': 1377, '4,0': 20}
   I=11: {'0,0': 34990, '0,1': 588, '0,2': 500, '0,3': 191, '0,4': 48, '0,5': 2, '1,0': 7525, '1,1': 177, '1,2': 64, '1,3': 36, '1,4': 2, '1,5': 4, '2,0': 783, '2,1': 1, '3,0': 503}
   I=12: {'0,0': 12380, '0,1': 212, '0,2': 536, '0,3': 375, '0,4': 74, '1,0': 1924, '1,1': 64, '1,2': 130, '1,3': 54, '1,4': 12, '2,0': 207, '3,0': 124}
   I=13: {'0,0': 2423, '0,1': 8, '0,2': 108, '0,3': 126, '0,4': 60, '1,0': 282, '1,1': 16, '1,3': 6, '1,4': 4, '2,0': 50, '3,0': 22}
   I=14: {'0,0': 348, '0,3': 4, '0,4': 14, '1,0': 49, '2,0': 6, '3,0': 2}
   I=15: {'0,0': 69, '1,0': 12}
   I=16: {'0,0': 9}
n=9: max d_line = 36 (B_n = 36) at (1, 0, 8, 7, 6, 5, 4, 3, 2); max min-inv = 16 (floor((n-1)^2/4) = 16) at (0, 8, 7, 6, 5, 4, 3, 2, 1); d_line = d on 278458/362880; hist d_line - d: {0: 278458, 1: 62789, 2: 10029, 3: 10494, 4: 834, 5: 272, 6: 4}; 1174 s
