=== h13i_attempts-1.0 nmin=4 nmax=9 ===
n=4 fix_a0: bound=2 worst=2 at (0, 2, 3, 1) exceed=0/24 none=0 (0.0s)
n=4 cut_at_data: bound=2 worst=3 at (0, 3, 2, 1) exceed=4/24 none=0 (0.0s)
n=4 footrule: bound=2 worst=4 at (0, 3, 2, 1) exceed=4/24 none=0 (0.0s)
n=4 clean_interval: bound=2 worst=2 at (0, 1, 2, 3) exceed=0/24 none=0 (0.0s)
n=5 fix_a0: bound=4 worst=4 at (0, 2, 4, 3, 1) exceed=0/120 none=0 (0.0s)
n=5 cut_at_data: bound=4 worst=6 at (0, 4, 3, 2, 1) exceed=5/120 none=0 (0.0s)
n=5 footrule: bound=4 worst=6 at (0, 2, 4, 1, 3) exceed=15/120 none=0 (0.0s)
n=5 clean_interval: bound=4 worst=6 at (0, 2, 4, 1, 3) exceed=10/120 none=0 (0.0s)
n=6 fix_a0: bound=6 worst=6 at (0, 2, 4, 5, 3, 1) exceed=0/720 none=0 (0.0s)
n=6 cut_at_data: bound=6 worst=10 at (0, 5, 4, 3, 2, 1) exceed=6/720 none=0 (0.0s)
n=6 footrule: bound=6 worst=8 at (0, 1, 4, 5, 2, 3) exceed=198/720 none=0 (0.0s)
n=6 clean_interval: bound=6 worst=10 at (0, 2, 4, 1, 5, 3) exceed=204/720 none=0 (0.1s)
n=7 fix_a0: bound=9 worst=10 at (0, 5, 4, 3, 2, 1, 6) exceed=7/5040 none=0 (0.1s)
n=7 cut_at_data: bound=9 worst=15 at (0, 6, 5, 4, 3, 2, 1) exceed=56/5040 none=0 (0.1s)
n=7 footrule: bound=9 worst=12 at (0, 1, 5, 6, 3, 4, 2) exceed=2093/5040 none=0 (0.3s)
n=7 clean_interval: bound=9 worst=15 at (0, 2, 4, 1, 6, 3, 5) exceed=1694/5040 none=0 (0.6s)
n=8 fix_a0: bound=12 worst=13 at (0, 6, 5, 3, 4, 2, 1, 7) exceed=16/40320 none=0 (0.6s)
n=8 cut_at_data: bound=12 worst=21 at (0, 7, 6, 5, 4, 3, 2, 1) exceed=552/40320 none=0 (0.8s)
n=8 footrule: bound=12 worst=16 at (0, 1, 4, 7, 6, 3, 2, 5) exceed=10472/40320 none=0 (3.4s)
n=8 clean_interval: bound=12 worst=21 at (0, 2, 4, 1, 5, 7, 3, 6) exceed=24464/40320 none=0 (9.1s)
n=9 fix_a0: bound=16 worst=17 at (0, 2, 7, 6, 5, 4, 3, 8, 1) exceed=162/362880 none=0 (8.5s)
n=9 cut_at_data: bound=16 worst=28 at (0, 8, 7, 6, 5, 4, 3, 2, 1) exceed=2025/362880 none=0 (9.4s)
done
