== h3_induction_probe-1.0 args={'nmin': 5, 'nmax': 9}
n=5: maxval: max(d-d'-4)=1 FAIL x9 at [0, 1, 2, 4, 3], minval: max(d-d'-4)=1 FAIL x2 at [0, 4, 3, 2, 1], pos0: max(d-d'-4)=1 FAIL x2 at [0, 4, 3, 2, 1], posLast: max(d-d'-4)=1 FAIL x9 at [0, 1, 2, 4, 3], head_adj: max(d-d'-4)=1 FAIL x6 at [0, 2, 4, 1, 3]; 0.0 s
n=6: maxval: max(d-d'-5)=3 FAIL x64 at [0, 1, 2, 5, 3, 4], minval: max(d-d'-5)=2 FAIL x40 at [1, 0, 4, 5, 2, 3], pos0: max(d-d'-5)=2 FAIL x40 at [1, 0, 4, 5, 2, 3], posLast: max(d-d'-5)=3 FAIL x64 at [0, 1, 2, 4, 5, 3], head_adj: max(d-d'-5)=2 FAIL x54 at [1, 0, 4, 5, 2, 3]; 0.0 s
n=7: maxval: max(d-d'-6)=2 FAIL x338 at [0, 1, 2, 3, 6, 4, 5], minval: max(d-d'-6)=2 FAIL x305 at [0, 5, 3, 2, 6, 1, 4], pos0: max(d-d'-6)=2 FAIL x305 at [0, 5, 3, 2, 6, 1, 4], posLast: max(d-d'-6)=2 FAIL x338 at [0, 1, 2, 3, 5, 6, 4], head_adj: max(d-d'-6)=2 FAIL x319 at [0, 2, 4, 6, 1, 3, 5]; 0.1 s
n=8: maxval: max(d-d'-7)=4 FAIL x3168 at [0, 1, 2, 3, 7, 4, 5, 6], minval: max(d-d'-7)=3 FAIL x3017 at [1, 0, 3, 6, 7, 2, 5, 4], pos0: max(d-d'-7)=3 FAIL x3017 at [1, 0, 3, 6, 7, 2, 5, 4], posLast: max(d-d'-7)=4 FAIL x3168 at [0, 1, 2, 3, 5, 6, 7, 4], head_adj: max(d-d'-7)=3 FAIL x3213 at [1, 0, 3, 6, 7, 2, 5, 4]; 0.7 s
n=9: maxval: max(d-d'-8)=3 FAIL x27400 at [0, 1, 2, 3, 4, 8, 5, 6, 7], minval: max(d-d'-8)=3 FAIL x24234 at [0, 5, 3, 2, 7, 8, 1, 4, 6], pos0: max(d-d'-8)=3 FAIL x24234 at [0, 5, 3, 2, 7, 8, 1, 4, 6], posLast: max(d-d'-8)=3 FAIL x27400 at [0, 1, 2, 3, 4, 6, 7, 8, 5], head_adj: max(d-d'-8)=3 FAIL x26038 at [0, 2, 4, 6, 8, 1, 3, 5, 7]; 7.1 s
== h3_induction_probe2-1.0 args={'nmin': 5, 'nmax': 9}
n=5: min-over-i(delete_i) max(d - best_d' - 4) = 1 FAIL x29 at [0, 1, 2, 4, 3]; 0.0 s
n=6: min-over-i(delete_i) max(d - best_d' - 5) = 3 FAIL x250 at [0, 1, 2, 4, 5, 3]; 0.0 s
n=7: min-over-i(delete_i) max(d - best_d' - 6) = 3 FAIL x1629 at [0, 1, 2, 4, 5, 3, 6]; 0.1 s
n=8: min-over-i(delete_i) max(d - best_d' - 7) = 4 FAIL x16060 at [0, 1, 2, 3, 5, 6, 7, 4]; 1.1 s
n=9: min-over-i(delete_i) max(d - best_d' - 8) = 4 FAIL x152794 at [0, 1, 2, 3, 5, 6, 7, 4, 8]; 12.4 s
== h3_induction_probe3-1.0 args={'nmin': 5, 'nmax': 8}
n=5: min-over-(i,rot) max(d - best_d' - 4) = 3 FAIL x62 at [2, 4, 0, 3, 1]; 0.0 s
n=6: min-over-(i,rot) max(d - best_d' - 5) = 4 FAIL x480 at [0, 2, 4, 5, 3, 1]; 0.0 s
n=7: min-over-(i,rot) max(d - best_d' - 6) = 5 FAIL x3462 at [2, 4, 5, 0, 3, 6, 1]; 0.4 s
n=8: min-over-(i,rot) max(d - best_d' - 7) = 6 FAIL x29296 at [2, 3, 5, 6, 7, 4, 0, 1]; 5.0 s
== h3_induction_probe4-1.0 args={'nmin': 5, 'nmax': 8}
n=5: triple-cut max(d - best_d' - 4) = 0 OK at [1, 0, 4, 3, 2]; 0.0 s
n=6: triple-cut max(d - best_d' - 5) = 0 OK at [1, 0, 5, 4, 3, 2]; 0.2 s
n=7: triple-cut max(d - best_d' - 6) = 0 OK at [1, 0, 6, 5, 4, 3, 2]; 2.6 s
n=8: triple-cut max(d - best_d' - 7) = 0 OK at [1, 0, 3, 6, 7, 2, 5, 4]; 39.5 s
== h3_induction_probe4-1.0 args={'nmin': 9, 'nmax': 9}
n=9: triple-cut max(d - best_d' - 8) = 0 OK at [1, 0, 8, 7, 6, 5, 4, 3, 2]; 583.9 s
