families n=4 (table=True): reflections Q_min-ref: [0, 0, 0, 2]; Q_RJ-ref: [0, 0, 0, 0]; sigma rotations max residual 0
families n=5 (table=True): reflections Q_min-ref: [1, 0, 1, 2, 2]; Q_RJ-ref: [0, 0, 1, 1, 0]; sigma rotations max residual 1
families n=6 (table=True): reflections Q_min-ref: [2, 0, 2, 2, 4, 2]; Q_RJ-ref: [0, 0, 0, 2, 2, 0]; sigma rotations max residual 2
families n=7 (table=True): reflections Q_min-ref: [1, 0, 1, 2, 3, 3, 2]; Q_RJ-ref: [0, 0, 1, 2, 2, 1, 0]; sigma rotations max residual 2
families n=8 (table=True): reflections Q_min-ref: [0, 0, 0, 2, 2, 4, 2, 2]; Q_RJ-ref: [0, 0, 0, 2, 2, 2, 0, 0]; sigma rotations max residual 2; C23 Q_min-B_n=8 Q_RJ-B_n=0
families n=9 (table=True): reflections Q_min-ref: [1, 0, 1, 2, 3, 4, 4, 3, 2]; Q_RJ-ref: [0, 0, 1, 2, 3, 3, 2, 0, 0]; sigma rotations max residual 3
families n=10 (table=True): reflections Q_min-ref: [2, 0, 2, 2, 4, 4, 6, 4, 4, 2]; Q_RJ-ref: [0, 0, 0, 2, 2, 4, 4, 2, 0, 0]; sigma rotations max residual 4
n=20: 40 inputs, B_n=190, U_n=211, max Q_min=190, max Q_R=190, max Q_RJ=190, max Q_J=190
  loss_shift           mean= 28.058  max=613/10
  loss_route           mean=  7.050  max=18
  loss_junction        mean=  0.750  max=4
  loss_residual        mean=-29.650  max=0
  loss_junction_only   mean=  4.450  max=14
  loss_total_min       mean=-21.850  max=0
  slack_U              mean= 14.793  max=17
  slack_73             mean=  3.102  max=407/90
  hist loss_route: {0: 4, 2: 5, 4: 6, 6: 7, 8: 4, 10: 6, 12: 2, 14: 4, 16: 1, 18: 1}
  hist loss_junction: {0: 29, 2: 7, 4: 4}
  hist loss_residual: {-60: 1, -59: 1, -55: 1, -51: 1, -50: 1, -47: 1, -46: 1, -42: 1, -40: 1, -39: 1, -38: 3, -34: 1, -33: 1, -31: 1, -30: 1, -29: 1, -27: 2, -26: 1, -25: 2, -24: 3, -23: 1, -22: 1, -21: 3, -20: 1, -19: 1, -16: 1, -15: 1, -14: 2, -10: 1, -8: 1, 0: 1}
  hist loss_total_min: {-53: 1, -44: 1, -43: 1, -42: 1, -39: 1, -38: 1, -36: 1, -34: 1, -31: 1, -28: 1, -27: 1, -26: 1, -25: 2, -24: 1, -23: 2, -22: 1, -20: 2, -19: 2, -18: 2, -17: 3, -16: 1, -15: 2, -14: 1, -11: 2, -10: 4, -4: 1, 0: 2}
  hist final_minus_ref: {-60: 1, -59: 1, -55: 1, -51: 1, -50: 1, -47: 1, -46: 1, -42: 1, -40: 1, -39: 1, -38: 3, -34: 1, -33: 1, -31: 1, -30: 1, -29: 1, -27: 2, -26: 1, -25: 2, -24: 3, -23: 1, -22: 1, -21: 3, -20: 1, -19: 1, -16: 1, -15: 1, -14: 2, -10: 1, -8: 1, 0: 1}
  0.3s
n=50: 40 inputs, B_n=1225, U_n=1281, max Q_min=1218, max Q_R=1216, max Q_RJ=1214, max Q_J=1214
  loss_shift           mean= 96.732  max=5714/25
  loss_route           mean= 20.850  max=44
  loss_junction        mean=  0.850  max=4
  loss_residual        mean=-101.325  max=-11
  loss_junction_only   mean= 12.400  max=36
  loss_total_min       mean=-79.625  max=-7
  slack_U              mean= 38.893  max=1144/25
  slack_73             mean=  8.451  max=568/45
  hist loss_route: {0: 2, 2: 2, 6: 1, 8: 4, 10: 1, 12: 3, 14: 1, 16: 1, 18: 1, 20: 2, 22: 2, 24: 2, 26: 8, 28: 3, 30: 1, 36: 1, 38: 1, 40: 1, 42: 1, 44: 2}
  hist loss_junction: {0: 24, 2: 15, 4: 1}
  hist loss_residual: {-243: 1, -234: 1, -208: 1, -194: 1, -180: 1, -179: 2, -154: 1, -148: 1, -144: 1, -136: 1, -122: 1, -120: 1, -117: 1, -116: 1, -112: 1, -101: 2, -95: 1, -87: 2, -84: 1, -77: 1, -73: 1, -71: 1, -69: 1, -64: 1, -63: 1, -59: 1, -51: 1, -50: 2, -48: 1, -47: 1, -45: 1, -43: 1, -40: 1, -39: 1, -12: 1, -11: 1}
  hist loss_total_min: {-205: 1, -190: 1, -186: 1, -178: 1, -146: 1, -143: 1, -137: 1, -136: 2, -126: 1, -108: 1, -106: 1, -103: 1, -96: 1, -91: 1, -86: 1, -76: 1, -75: 3, -74: 1, -71: 1, -59: 1, -47: 2, -46: 1, -41: 1, -39: 2, -37: 1, -32: 1, -29: 1, -28: 1, -27: 1, -26: 1, -22: 1, -19: 1, -11: 1, -10: 1, -7: 1}
  hist final_minus_ref: {-243: 1, -234: 1, -208: 1, -194: 1, -180: 1, -179: 2, -154: 1, -148: 1, -144: 1, -136: 1, -122: 1, -120: 1, -117: 1, -116: 1, -112: 1, -101: 2, -95: 1, -87: 2, -84: 1, -77: 1, -73: 1, -71: 1, -69: 1, -64: 1, -63: 1, -59: 1, -51: 1, -50: 2, -48: 1, -47: 1, -45: 1, -43: 1, -40: 1, -39: 1, -12: 1, -11: 1}
  3.4s
n=100: 40 inputs, B_n=4950, U_n=5065, max Q_min=4946, max Q_R=4946, max Q_RJ=4946, max Q_J=4946
  loss_shift           mean=265.447  max=35033/50
  loss_route           mean= 33.650  max=82
  loss_junction        mean=  0.250  max=6
  loss_residual        mean=-261.675  max=-4
  loss_junction_only   mean= 22.750  max=72
  loss_total_min       mean=-227.775  max=-4
  slack_U              mean= 77.328  max=933/10
  slack_73             mean= 16.587  max=5602/225
  hist loss_route: {0: 6, 2: 3, 4: 1, 6: 2, 14: 1, 16: 1, 18: 1, 20: 2, 26: 3, 38: 1, 42: 2, 44: 1, 46: 1, 50: 2, 52: 3, 54: 1, 64: 2, 68: 2, 70: 1, 72: 2, 76: 1, 82: 1}
  hist loss_junction: {0: 37, 2: 2, 6: 1}
  hist loss_residual: {-717: 1, -705: 1, -606: 1, -499: 2, -468: 1, -457: 1, -438: 1, -389: 1, -381: 1, -371: 1, -345: 1, -304: 1, -296: 1, -285: 1, -265: 1, -247: 1, -246: 1, -244: 1, -242: 1, -240: 1, -199: 1, -187: 1, -181: 1, -171: 1, -169: 1, -156: 1, -151: 1, -147: 1, -138: 1, -113: 1, -101: 2, -94: 1, -86: 1, -84: 1, -63: 1, -45: 1, -33: 1, -4: 1}
  hist loss_total_min: {-649: 1, -637: 1, -592: 1, -445: 1, -435: 1, -432: 1, -416: 1, -387: 1, -343: 1, -331: 1, -295: 1, -263: 1, -254: 1, -247: 1, -244: 1, -221: 1, -218: 1, -204: 1, -203: 1, -187: 1, -171: 1, -170: 1, -169: 1, -168: 1, -165: 1, -161: 1, -151: 1, -145: 1, -138: 1, -130: 1, -107: 1, -99: 1, -68: 1, -61: 1, -60: 1, -52: 1, -49: 1, -33: 1, -7: 1, -4: 1}
  hist final_minus_ref: {-717: 1, -705: 1, -606: 1, -499: 2, -468: 1, -457: 1, -438: 1, -389: 1, -381: 1, -371: 1, -345: 1, -304: 1, -296: 1, -285: 1, -265: 1, -247: 1, -246: 1, -244: 1, -242: 1, -240: 1, -199: 1, -187: 1, -181: 1, -171: 1, -169: 1, -156: 1, -151: 1, -147: 1, -138: 1, -113: 1, -101: 2, -94: 1, -86: 1, -84: 1, -63: 1, -45: 1, -33: 1, -4: 1}
  29.6s
DONE
