selftest: carrier_route == brute force on 3584 cases, 2<=n<=8, 0.1s
n=4: 24 inputs, B_n=6, U_n=9, max Q_min=6, max Q_R=6, max Q_RJ=6, max Q_J=6
  loss_shift           mean=  2.583  max=9/2
  loss_route           mean=  1.500  max=4
  loss_junction        mean=  0.000  max=0
  loss_residual        mean=  0.000  max=0
  loss_junction_only   mean=  1.167  max=4
  loss_total_min       mean=  1.500  max=4
  slack_U              mean=  1.917  max=2
  slack_73             mean=  0.269  max=1/3
  hist loss_route: {0: 8, 2: 14, 4: 2}
  hist loss_junction: {0: 24}
  hist loss_residual: {0: 24}
  hist loss_total_min: {0: 8, 2: 14, 4: 2}
  hist final_minus_ref: {0: 24}
  0.0s
n=5: 120 inputs, B_n=10, U_n=13, max Q_min=11, max Q_R=10, max Q_RJ=10, max Q_J=10
  loss_shift           mean=  3.300  max=7
  loss_route           mean=  2.042  max=5
  loss_junction        mean=  0.217  max=2
  loss_residual        mean=  0.100  max=2
  loss_junction_only   mean=  1.558  max=5
  loss_total_min       mean=  2.358  max=5
  slack_U              mean=  2.050  max=13/5
  slack_73             mean=  0.406  max=28/45
  hist loss_route: {0: 13, 1: 26, 2: 33, 3: 41, 4: 5, 5: 2}
  hist loss_junction: {0: 102, 1: 10, 2: 8}
  hist loss_residual: {0: 109, 1: 10, 2: 1}
  hist loss_total_min: {0: 12, 1: 23, 2: 27, 3: 36, 4: 12, 5: 10}
  hist final_minus_ref: {0: 109, 1: 10, 2: 1}
  0.0s
n=6: 720 inputs, B_n=15, U_n=20, max Q_min=16, max Q_R=16, max Q_RJ=15, max Q_J=16
  loss_shift           mean=  5.200  max=37/3
  loss_route           mean=  2.247  max=6
  loss_junction        mean=  0.469  max=2
  loss_residual        mean=  0.300  max=4
  loss_junction_only   mean=  1.850  max=6
  loss_total_min       mean=  3.017  max=8
  slack_U              mean=  3.250  max=4
  slack_73             mean=  0.628  max=25/27
  hist loss_route: {0: 147, 2: 345, 4: 220, 6: 8}
  hist loss_junction: {0: 551, 2: 169}
  hist loss_residual: {0: 613, 2: 106, 4: 1}
  hist loss_total_min: {0: 77, 2: 281, 4: 282, 6: 79, 8: 1}
  hist final_minus_ref: {0: 613, 2: 106, 4: 1}
  0.4s
n=7: 5040 inputs, B_n=21, U_n=27, max Q_min=23, max Q_R=21, max Q_RJ=21, max Q_J=21
  loss_shift           mean=  6.198  max=115/7
  loss_route           mean=  2.943  max=7
  loss_junction        mean=  0.484  max=4
  loss_residual        mean=  0.683  max=5
  loss_junction_only   mean=  2.266  max=8
  loss_total_min       mean=  4.110  max=9
  slack_U              mean=  4.401  max=39/7
  slack_73             mean=  0.834  max=32/21
  hist loss_route: {0: 403, 1: 553, 2: 1092, 3: 945, 4: 1059, 5: 924, 6: 42, 7: 22}
  hist loss_junction: {0: 3625, 1: 504, 2: 837, 3: 35, 4: 39}
  hist loss_residual: {0: 2999, 1: 1033, 2: 693, 3: 249, 4: 54, 5: 12}
  hist loss_total_min: {0: 129, 1: 278, 2: 618, 3: 876, 4: 934, 5: 1121, 6: 477, 7: 515, 8: 63, 9: 29}
  hist final_minus_ref: {0: 2999, 1: 1033, 2: 693, 3: 249, 4: 54, 5: 12}
  3.5s
n=8: 40320 inputs, B_n=28, U_n=35, max Q_min=30, max Q_R=28, max Q_RJ=28, max Q_J=29
  loss_shift           mean=  8.134  max=95/4
  loss_route           mean=  3.382  max=8
  loss_junction        mean=  0.658  max=6
  loss_residual        mean=  1.345  max=8
  loss_junction_only   mean=  2.540  max=10
  loss_total_min       mean=  5.385  max=12
  slack_U              mean=  4.565  max=6
  slack_73             mean=  1.079  max=59/36
  hist loss_route: {0: 4814, 2: 11962, 4: 14596, 6: 8758, 8: 190}
  hist loss_junction: {0: 28357, 2: 10683, 4: 1258, 6: 22}
  hist loss_residual: {0: 19044, 2: 15971, 4: 4786, 6: 505, 8: 14}
  hist loss_total_min: {0: 821, 2: 4843, 4: 11364, 6: 13602, 8: 8286, 10: 1378, 12: 26}
  hist final_minus_ref: {0: 19044, 2: 15971, 4: 4786, 6: 505, 8: 14}
  35.7s
DONE
