=== n=13 ===
n=13 restart=0 mode=0 iter=222193 I=35 bound=36 margin=-1 pi=[3,2,1,0,11,12,10,9,8,7,6,5,4]
n=13 restart=0 mode=0 iter=222209 I=36 bound=36 margin=0 pi=[3,2,1,0,12,11,10,9,8,7,6,5,4]
FINAL n=13 bound=36 best_I=36 margin=0
=== n=14 ===
n=14 restart=0 mode=0 iter=267970 I=41 bound=42 margin=-1 pi=[7,6,4,5,3,2,1,0,13,12,11,10,9,8]
n=14 restart=0 mode=0 iter=268552 I=42 bound=42 margin=0 pi=[7,6,5,4,3,2,1,0,13,12,11,10,9,8]
FINAL n=14 bound=42 best_I=42 margin=0
=== n=15 ===
n=15 restart=0 mode=0 iter=267919 I=48 bound=49 margin=-1 pi=[1,0,14,13,12,11,10,8,9,7,6,5,4,3,2]
n=15 restart=0 mode=0 iter=267931 I=49 bound=49 margin=0 pi=[1,0,14,13,12,11,10,9,8,7,6,5,4,3,2]
FINAL n=15 bound=49 best_I=49 margin=0
=== n=16 ===
n=16 restart=2 mode=2 iter=276305 I=55 bound=56 margin=-1 pi=[5,3,4,2,1,0,15,14,13,12,11,10,9,8,7,6]
n=16 restart=2 mode=2 iter=276309 I=56 bound=56 margin=0 pi=[5,4,3,2,1,0,15,14,13,12,11,10,9,8,7,6]
FINAL n=16 bound=56 best_I=56 margin=0
=== n=18 ===
n=18 restart=0 mode=0 iter=276434 I=71 bound=72 margin=-1 pi=[2,0,17,16,15,14,13,12,11,10,9,8,7,6,5,4,3,1]
n=18 restart=0 mode=0 iter=279090 I=72 bound=72 margin=0 pi=[1,0,17,16,15,14,13,12,11,10,9,8,7,6,5,4,3,2]
FINAL n=18 bound=72 best_I=72 margin=0
=== n=20 ===
n=20 restart=0 mode=0 iter=286372 I=80 bound=90 margin=-10 pi=[17,15,9,3,12,8,4,0,19,14,11,7,2,18,16,10,13,6,5,1]
n=20 restart=1 mode=1 iter=0 I=90 bound=90 margin=0 pi=[3,2,1,0,19,18,17,16,15,14,13,12,11,10,9,8,7,6,5,4]
FINAL n=20 bound=90 best_I=90 margin=0
=== n=22 ===
n=22 restart=1 mode=1 iter=0 I=99 bound=110 margin=-11 pi=[10,9,8,7,0,5,4,3,2,1,6,21,20,19,18,17,16,15,14,13,12,11]
n=22 restart=4 mode=1 iter=0 I=110 bound=110 margin=0 pi=[18,17,16,15,14,13,12,11,10,9,8,7,6,5,4,3,2,1,0,21,20,19]
FINAL n=22 bound=110 best_I=110 margin=0
=== n=25 ===
n=25 restart=0 mode=0 iter=288198 I=127 bound=144 margin=-17 pi=[2,24,22,19,11,18,8,4,14,1,17,10,23,16,7,3,0,15,21,13,5,20,12,9,6]
n=25 restart=1 mode=1 iter=0 I=144 bound=144 margin=0 pi=[16,15,14,13,12,11,10,9,8,7,6,5,4,3,2,1,0,24,23,22,21,20,19,18,17]
FINAL n=25 bound=144 best_I=144 margin=0
=== n=30 ===
n=30 restart=0 mode=0 iter=293365 I=191 bound=210 margin=-19 pi=[12,6,2,27,26,11,20,25,10,19,9,18,5,4,1,24,23,17,8,28,16,15,7,3,22,14,0,29,21,13]
n=30 restart=1 mode=1 iter=0 I=210 bound=210 margin=0 pi=[22,21,20,19,18,17,16,15,14,13,12,11,10,9,8,7,6,5,4,3,2,1,0,29,28,27,26,25,24,23]
FINAL n=30 bound=210 best_I=210 margin=0
=== n=35 ===
n=35 restart=1 mode=1 iter=0 I=282 bound=289 margin=-7 pi=[31,26,25,24,23,22,21,20,19,18,17,16,15,14,13,12,11,10,9,8,7,6,5,4,3,2,1,0,34,33,32,27,30,29,28]
n=35 restart=4 mode=1 iter=0 I=289 bound=289 margin=0 pi=[7,6,5,4,3,2,1,0,34,33,32,31,30,29,28,27,26,25,24,23,22,21,20,19,18,17,16,15,14,13,12,11,10,9,8]
FINAL n=35 bound=289 best_I=289 margin=0
=== n=40 ===
n=40 restart=0 mode=0 iter=298501 I=348 bound=380 margin=-32 pi=[25,39,36,30,24,19,15,13,3,38,11,29,6,35,23,2,34,22,28,18,14,10,1,33,17,5,26,9,0,37,32,21,20,27,16,8,7,31,12,4]
n=40 restart=1 mode=1 iter=0 I=380 bound=380 margin=0 pi=[23,22,21,20,19,18,17,16,15,14,13,12,11,10,9,8,7,6,5,4,3,2,1,0,39,38,37,36,35,34,33,32,31,30,29,28,27,26,25,24]
FINAL n=40 bound=380 best_I=380 margin=0
=== n=50 ===
n=50 restart=1 mode=1 iter=0 I=595 bound=600 margin=-5 pi=[16,15,14,13,12,11,10,9,8,7,6,5,4,3,2,1,0,49,48,47,46,45,44,40,42,41,43,39,38,37,36,35,34,33,32,31,30,29,28,27,26,25,24,23,22,21,20,19,18,17]
n=50 restart=7 mode=1 iter=0 I=600 bound=600 margin=0 pi=[35,34,33,32,31,30,29,28,27,26,25,24,23,22,21,20,19,18,17,16,15,14,13,12,11,10,9,8,7,6,5,4,3,2,1,0,49,48,47,46,45,44,43,42,41,40,39,38,37,36]
FINAL n=50 bound=600 best_I=600 margin=0
=== n=60 ===
n=60 restart=0 mode=0 iter=299146 I=806 bound=870 margin=-64 pi=[11,46,32,17,7,54,41,45,29,22,8,1,53,31,44,25,36,15,6,51,0,43,40,28,20,16,5,14,39,3,59,38,52,34,27,19,4,58,26,13,50,49,42,37,12,57,24,35,10,2,48,30,23,21,56,55,18,47,33,9]
n=60 restart=1 mode=1 iter=1 I=870 bound=870 margin=0 pi=[4,3,2,1,0,59,58,57,56,55,54,53,52,51,50,49,48,47,46,45,44,43,42,41,40,39,38,37,36,35,34,33,32,31,30,29,28,27,26,25,24,23,22,21,20,19,18,17,16,15,14,13,12,11,10,9,8,7,6,5]
FINAL n=60 bound=870 best_I=870 margin=0
=== n=70 ===
n=70 restart=0 mode=0 iter=299015 I=1111 bound=1190 margin=-79 pi=[4,39,22,62,38,57,33,20,2,1,56,55,42,18,32,13,69,52,36,16,8,66,54,35,12,47,61,31,46,29,17,28,7,5,51,21,68,65,45,27,15,60,0,50,44,40,3,30,59,34,14,26,67,11,64,37,53,25,10,49,24,63,6,58,48,43,23,41,19,9]
n=70 restart=1 mode=1 iter=0 I=1183 bound=1190 margin=-7 pi=[53,52,51,50,49,48,47,46,45,44,43,42,41,40,39,38,37,36,35,34,33,32,31,30,29,28,27,26,25,24,23,22,21,20,19,18,13,16,15,14,17,12,11,10,9,8,7,6,5,4,3,2,1,0,69,68,67,66,65,64,63,62,61,60,59,58,57,56,55,54]
FINAL n=70 bound=1190 best_I=1183 margin=-7
=== n=85 ===
n=85 restart=0 mode=0 iter=299919 I=1647 bound=1764 margin=-117 pi=[53,65,41,1,23,64,57,31,18,9,77,75,70,54,48,35,46,17,63,34,0,28,16,4,40,79,74,52,47,24,15,8,62,51,13,69,26,73,45,33,84,22,6,71,83,61,43,32,3,50,60,21,67,12,81,68,42,39,59,36,29,19,78,14,11,58,56,27,10,66,2,76,49,38,44,25,72,37,7,55,30,20,82,5,80]
n=85 restart=1 mode=1 iter=0 I=1764 bound=1764 margin=0 pi=[23,22,21,20,19,18,17,16,15,14,13,12,11,10,9,8,7,6,5,4,3,2,1,0,84,83,82,81,80,79,78,77,76,75,74,73,72,71,70,69,68,67,66,65,64,63,62,61,60,59,58,57,56,55,54,53,52,51,50,49,48,47,46,45,44,43,42,41,40,39,38,37,36,35,34,33,32,31,30,29,28,27,26,25,24]
FINAL n=85 bound=1764 best_I=1764 margin=0
=== n=100 ===
n=100 restart=0 mode=0 iter=299743 I=2295 bound=2450 margin=-155 pi=[86,80,45,35,73,38,18,98,15,78,67,50,27,26,9,94,81,71,43,33,24,91,2,57,70,22,49,88,14,68,56,44,12,11,1,66,42,87,65,97,37,32,20,8,7,79,58,25,76,62,0,55,41,5,48,93,36,84,63,40,23,83,19,82,34,64,4,90,60,96,31,77,54,17,99,52,75,16,39,95,53,13,30,85,47,10,72,29,69,28,6,92,51,3,89,61,74,59,46,21]
n=100 restart=1 mode=1 iter=0 I=2450 bound=2450 margin=0 pi=[3,2,1,0,99,98,97,96,95,94,93,92,91,90,89,88,87,86,85,84,83,82,81,80,79,78,77,76,75,74,73,72,71,70,69,68,67,66,65,64,63,62,61,60,59,58,57,56,55,54,53,52,51,50,49,48,47,46,45,44,43,42,41,40,39,38,37,36,35,34,33,32,31,30,29,28,27,26,25,24,23,22,21,20,19,18,17,16,15,14,13,12,11,10,9,8,7,6,5,4]
FINAL n=100 bound=2450 best_I=2450 margin=0
